### BTest baseline data generated by btest-diff. Do not edit. Use "btest -U/-u" to update. Requires BTest >= 0.63.
00:00 c0:a8:00:01 c0:a8:00:59 01 00 00:00 00:08 (16 bytes) -> 1:X0snYXpgwiv9TZtqg64sgzUn6Dk=
